[DATA_POINT]
1="tcp_connect"
2="tcp_connection_count"
3="HTTP_500"
4="tcp_shutdown"
5="mic_recv"
6="HTTP_200"
7="RETRY_KEEP_ALIVE"
[END_TRANSACTION]
1="vuser_init_Transaction"
2="http://localhost:1080/cgi-bin/welcome.pl?signOff=true"
3="welcome.pl_Action_47"
4="open_site"
5="UC4_Buying"
6="Action_Transaction"
7="http://localhost:1080/WebTours/home.html"
8="http://localhost:1080/cgi-bin/nav.pl?in=home"
9="http://localhost:1080/WebTours/images/mer_login.gif"
10="welcome.pl_Action_48"
11="http://localhost:1080/WebTours/profileValidate.js"
12="http://localhost:1080/cgi-bin/login.pl?username=&password=&getInfo=true"
13="http://localhost:1080/WebTours/images/button_next.gif"
14="login.pl_Action_76"
15="sign_up_button"
16="http://localhost:1080/cgi-bin/login.pl"
17="login.pl_3_Action_98"
18="profile_fill"
19="UC7_Sign_Up"
20="welcome.pl_Action_36"
21="http://localhost:1080/WebTours/images/flights.gif"
22="http://localhost:1080/cgi-bin/nav.pl?page=menu&in=home"
23="http://localhost:1080/WebTours/images/itinerary.gif"
24="http://localhost:1080/WebTours/images/in_home.gif"
25="http://localhost:1080/WebTours/images/signoff.gif"
26="http://localhost:1080/cgi-bin/login.pl?intro=true"
27="login.pl_Action_64"
28="login"
29="http://localhost:1080/cgi-bin/welcome.pl?page=itinerary"
30="http://localhost:1080/cgi-bin/nav.pl?page=menu&in=itinerary"
31="http://localhost:1080/WebTours/images/home.gif"
32="http://localhost:1080/WebTours/images/in_itinerary.gif"
33="http://localhost:1080/cgi-bin/itinerary.pl"
34="http://localhost:1080/WebTours/images/cancelallreservations.gif"
35="http://localhost:1080/WebTours/images/cancelreservation.gif"
36="Itinerary_Button_Action_91"
37="itinerary"
38="itinerary.pl_Action_120"
39="delete_booking"
40="UC6_Del_Booking"
41="login.pl_Action_80"
42="http://localhost:1080/cgi-bin/welcome.pl?page=search"
43="http://localhost:1080/cgi-bin/nav.pl?page=menu&in=flights"
44="http://localhost:1080/WebTours/images/in_flights.gif"
45="http://localhost:1080/cgi-bin/reservations.pl?page=welcome"
46="Search_Flights_Button_Action_109"
47="search_flights_button"
48="http://localhost:1080/cgi-bin/reservations.pl"
49="reservations.pl_Action_151"
50="choose_ticket"
51="reservations.pl_2_Action_188"
52="choose_time_of_flight"
53="login.pl_Action_81"
54="http://localhost:1080/cgi-bin/welcome.pl?signOff=1"
55="SignOff_Button_Action_221"
56="logout"
57="UC3_ChooseFlight"
58="Search_Flights_Button_Action_111"
59="welcome.pl_Action_49"
60="reservations.pl_Action_153"
61="login.pl_Action_78"
62="reservations.pl_2_Action_190"
63="Search_Flights_Button_Action_107"
64="payment"
65="http://localhost:1080/WebTours/images/bookanother.gif"
66="reservations.pl_3_Action_223"
67="SignOff_Button_Action_138"
68="UC2_LoginLogout"
69="Itinerary_Button_Action_279"
70="SignOff_Button_Action_304"
71="Itinerary_Button_Action_123"
72="UC5_Itinerary"
73="after_reg"
74="http://localhost:1080/cgi-bin/welcome.pl?page=menus"
75="button_next.gif_Action_132"
76="vuser_end_Transaction"
