[DATA_POINT]
1="tcp_connect"
2="tcp_connection_count"
3="mic_recv"
4="HTTP_200"
5="tcp_shutdown"
[END_TRANSACTION]
26="UC5_Itinerary"
27="Action_Transaction"
28="vuser_end_Transaction"
10="http://localhost:1080/cgi-bin/nav.pl?page=menu&in=home"
11="http://localhost:1080/WebTours/images/flights.gif"
12="http://localhost:1080/WebTours/images/in_home.gif"
13="http://localhost:1080/WebTours/images/itinerary.gif"
14="http://localhost:1080/WebTours/images/signoff.gif"
15="login.pl_Action_81"
16="login"
17="http://localhost:1080/cgi-bin/welcome.pl?page=itinerary"
18="http://localhost:1080/WebTours/images/home.gif"
19="http://localhost:1080/cgi-bin/nav.pl?page=menu&in=itinerary"
1="vuser_init_Transaction"
2="http://localhost:1080/cgi-bin/welcome.pl?signOff=true"
3="http://localhost:1080/WebTours/home.html"
4="http://localhost:1080/cgi-bin/nav.pl?in=home"
5="http://localhost:1080/WebTours/images/mer_login.gif"
6="welcome.pl_Action_47"
20="http://localhost:1080/WebTours/images/in_itinerary.gif"
7="open_site"
21="http://localhost:1080/cgi-bin/itinerary.pl"
8="http://localhost:1080/cgi-bin/login.pl"
22="http://localhost:1080/WebTours/images/cancelreservation.gif"
9="http://localhost:1080/cgi-bin/login.pl?intro=true"
23="http://localhost:1080/WebTours/images/cancelallreservations.gif"
24="Itinerary_Button_Action_123"
25="itinerary"
