[DATA_POINT]
1="tcp_connect"
2="tcp_connection_count"
3="mic_recv"
4="HTTP_200"
5="tcp_shutdown"
6="RETRY_KEEP_ALIVE"
7="HTTP_500"
[END_TRANSACTION]
1="vuser_init_Transaction"
2="http://localhost:1080/cgi-bin/welcome.pl?signOff=true"
3="http://localhost:1080/WebTours/home.html"
4="http://localhost:1080/cgi-bin/nav.pl?in=home"
5="http://localhost:1080/WebTours/images/mer_login.gif"
6="welcome.pl_Action_47"
7="open_site"
8="http://localhost:1080/cgi-bin/login.pl"
9="http://localhost:1080/WebTours/images/flights.gif"
10="http://localhost:1080/cgi-bin/nav.pl?page=menu&in=home"
11="http://localhost:1080/WebTours/images/in_home.gif"
12="http://localhost:1080/cgi-bin/login.pl?intro=true"
13="http://localhost:1080/WebTours/images/itinerary.gif"
14="http://localhost:1080/WebTours/images/signoff.gif"
15="login.pl_Action_81"
16="login"
17="http://localhost:1080/cgi-bin/welcome.pl?page=search"
18="http://localhost:1080/WebTours/images/home.gif"
19="http://localhost:1080/cgi-bin/nav.pl?page=menu&in=flights"
20="http://localhost:1080/WebTours/images/in_flights.gif"
21="http://localhost:1080/cgi-bin/reservations.pl?page=welcome"
22="http://localhost:1080/WebTours/images/button_next.gif"
23="Search_Flights_Button_Action_111"
24="search_flights_button"
25="welcome.pl_Action_48"
26="http://localhost:1080/cgi-bin/reservations.pl"
27="reservations.pl_Action_153"
28="choose_ticket"
29="http://localhost:1080/cgi-bin/login.pl?username=&password=&getInfo=true"
30="http://localhost:1080/WebTours/profileValidate.js"
31="login.pl_Action_76"
32="sign_up_button"
33="reservations.pl_2_Action_190"
34="choose_time_of_flight"
35="login.pl_3_Action_98"
36="profile_fill"
37="http://localhost:1080/WebTours/images/bookanother.gif"
38="reservations.pl_3_Action_223"
39="payment"
40="welcome.pl_Action_36"
41="http://localhost:1080/cgi-bin/welcome.pl?page=menus"
42="button_next.gif_Action_132"
43="after_reg"
44="UC7_Sign_Up"
45="Action_Transaction"
46="http://localhost:1080/cgi-bin/welcome.pl?page=itinerary"
47="http://localhost:1080/cgi-bin/nav.pl?page=menu&in=itinerary"
48="http://localhost:1080/WebTours/images/in_itinerary.gif"
49="http://localhost:1080/cgi-bin/itinerary.pl"
50="http://localhost:1080/WebTours/images/cancelreservation.gif"
51="http://localhost:1080/WebTours/images/cancelallreservations.gif"
52="Itinerary_Button_Action_279"
53="itinerary"
54="login.pl_Action_64"
55="http://localhost:1080/cgi-bin/welcome.pl?signOff=1"
56="SignOff_Button_Action_304"
57="logout"
58="UC4_Buying"
59="Itinerary_Button_Action_91"
60="itinerary.pl_Action_120"
61="delete_booking"
62="UC6_Del_Booking"
63="login.pl_Action_80"
64="Search_Flights_Button_Action_109"
65="reservations.pl_Action_151"
66="reservations.pl_2_Action_188"
67="SignOff_Button_Action_221"
68="UC3_ChooseFlight"
69="welcome.pl_Action_49"
70="login.pl_Action_78"
71="Search_Flights_Button_Action_107"
72="SignOff_Button_Action_138"
73="UC2_LoginLogout"
74="Itinerary_Button_Action_123"
75="UC5_Itinerary"
76="vuser_end_Transaction"
